// Jest Snapshot v1, https://goo.gl/fbAQLP

exports[`should onIndicate() 1`] = `
Object {
  "calls": Array [
    Array [
      "onIndicate",
    ],
  ],
  "instances": Array [
    undefined,
  ],
}
`;
